../Core/Src/main.c:125:6:Buzzer_Start	40	static
../Core/Src/main.c:149:6:Buzzer_Stop	8	static
../Core/Src/main.c:169:6:GenerateNewMathQuestion	16	static
../Core/Src/main.c:215:6:DrawPaddle	40	static
../Core/Src/main.c:235:6:UpdatePaddlePosition	48	static
../Core/Src/main.c:312:6:GameOver	16	static
../Core/Src/main.c:319:6:new_game	16	static
../Core/Src/main.c:341:6:cont_regressiva	24	static
../Core/Src/main.c:361:10:GenerateStrongSeed	24	static
../Core/Src/main.c:392:6:HAL_TIM_PeriodElapsedCallback	64	static
../Core/Src/main.c:515:5:main	96	static
../Core/Src/main.c:712:6:SystemClock_Config	88	static
../Core/Src/main.c:759:13:MX_ADC1_Init	24	static
../Core/Src/main.c:806:13:MX_SPI1_Init	8	static
../Core/Src/main.c:844:13:MX_TIM1_Init	96	static
../Core/Src/main.c:919:13:MX_TIM2_Init	32	static
../Core/Src/main.c:964:13:MX_TIM3_Init	32	static
../Core/Src/main.c:1009:13:MX_GPIO_Init	40	static
../Core/Src/main.c:1104:6:Error_Handler	4	static,ignoring_inline_asm
